==> Running 'npm start'
> rest-express@1.0.0 start
> NODE_ENV=production node dist/index.js
[Config] All required environment variables are set
[Config] Environment: production
[Config] Port: 10000
[Config] Rate limiting: enabled
[Config] Session secure cookies: true
[Config] Sentry monitoring: disabled
[Config] Regional defaults: HK (+852), Language: zh-HK
‚ö†Ô∏è FIREBASE_SERVICE_ACCOUNT_JSON not set - push notifications will be simulated
üå± Seeding translations...
Sentry DSN not provided - error tracking disabled
9:37:33 PM [express] serving on port 10000
9:37:33 PM [express] [Startup] Server ready in 137ms
‚úÖ Found 459 translations
9:37:35 PM [express] [Startup] Translations seeded successfully
[NotificationScheduler] Starting notification scheduler (checking every minute)
9:37:35 PM [express] [Startup] Notification scheduler started (deferred)
‚úÖ Translation seeding complete!
   - Created: 0 translations
   - Updated: 756 translations
   - Total keys: 378
==> Running 'npm start'
> rest-express@1.0.0 start
> NODE_ENV=production node dist/index.js
[Config] All required environment variables are set
[Config] Environment: production
[Config] Port: 10000
[Config] Rate limiting: enabled
[Config] Session secure cookies: true
[Config] Sentry monitoring: disabled
[Config] Regional defaults: HK (+852), Language: zh-HK
‚ö†Ô∏è FIREBASE_SERVICE_ACCOUNT_JSON not set - push notifications will be simulated
üå± Seeding translations...
Sentry DSN not provided - error tracking disabled
9:46:58 PM [express] serving on port 10000
9:46:58 PM [express] [Startup] Server ready in 303ms
‚úÖ Found 459 translations
9:47:00 PM [express] [Startup] Translations seeded successfully
[NotificationScheduler] Starting notification scheduler (checking every minute)
9:47:00 PM [express] [Startup] Notification scheduler started (deferred)
‚úÖ Translation seeding complete!
   - Created: 0 translations
   - Updated: 756 translations
   - Total keys: 378
==> Running 'npm start'
> rest-express@1.0.0 start
> NODE_ENV=production node dist/index.js
[Config] All required environment variables are set
[Config] Environment: production
[Config] Port: 10000
[Config] Rate limiting: enabled
[Config] Session secure cookies: true
[Config] Sentry monitoring: disabled
[Config] Regional defaults: HK (+852), Language: zh-HK
‚ö†Ô∏è FIREBASE_SERVICE_ACCOUNT_JSON not set - push notifications will be simulated
üå± Seeding translations...
Sentry DSN not provided - error tracking disabled
9:56:36 PM [express] serving on port 10000
9:56:36 PM [express] [Startup] Server ready in 188ms
‚úÖ Found 459 translations
9:56:37 PM [express] [Startup] Translations seeded successfully
[NotificationScheduler] Starting notification scheduler (checking every minute)
9:56:38 PM [express] [Startup] Notification scheduler started (deferred)
‚úÖ Translation seeding complete!
   - Created: 0 translations
   - Updated: 756 translations
   - Total keys: 378
==> Running 'npm start'
> rest-express@1.0.0 start
> NODE_ENV=production node dist/index.js
[Config] All required environment variables are set
[Config] Environment: production
[Config] Port: 10000
[Config] Rate limiting: enabled
[Config] Session secure cookies: true
[Config] Sentry monitoring: disabled
[Config] Regional defaults: HK (+852), Language: zh-HK
‚ö†Ô∏è FIREBASE_SERVICE_ACCOUNT_JSON not set - push notifications will be simulated
üå± Seeding translations...
Sentry DSN not provided - error tracking disabled
10:06:09 PM [express] serving on port 10000
10:06:09 PM [express] [Startup] Server ready in 203ms
[NotificationScheduler] Starting notification scheduler (checking every minute)
10:06:11 PM [express] [Startup] Notification scheduler started (deferred)
‚úÖ Found 459 translations
10:06:11 PM [express] [Startup] Translations seeded successfully
‚úÖ Translation seeding complete!
   - Created: 0 translations
   - Updated: 756 translations
   - Total keys: 378
==> Running 'npm start'
> rest-express@1.0.0 start
> NODE_ENV=production node dist/index.js
[Config] All required environment variables are set
[Config] Environment: production
[Config] Port: 10000
[Config] Rate limiting: enabled
[Config] Session secure cookies: true
[Config] Sentry monitoring: disabled
[Config] Regional defaults: HK (+852), Language: zh-HK
‚ö†Ô∏è FIREBASE_SERVICE_ACCOUNT_JSON not set - push notifications will be simulated
üå± Seeding translations...
Sentry DSN not provided - error tracking disabled
10:15:47 PM [express] serving on port 10000
10:15:47 PM [express] [Startup] Server ready in 198ms
‚úÖ Found 459 translations
10:15:49 PM [express] [Startup] Translations seeded successfully
[NotificationScheduler] Starting notification scheduler (checking every minute)
10:15:49 PM [express] [Startup] Notification scheduler started (deferred)
‚úÖ Translation seeding complete!
   - Created: 0 translations
   - Updated: 756 translations
   - Total keys: 378
==> Running 'npm start'
> rest-express@1.0.0 start
> NODE_ENV=production node dist/index.js
[Config] All required environment variables are set
[Config] Environment: production
[Config] Port: 10000
[Config] Rate limiting: enabled
[Config] Session secure cookies: true
[Config] Sentry monitoring: disabled
[Config] Regional defaults: HK (+852), Language: zh-HK
‚ö†Ô∏è FIREBASE_SERVICE_ACCOUNT_JSON not set - push notifications will be simulated
üå± Seeding translations...
Sentry DSN not provided - error tracking disabled
10:25:29 PM [express] serving on port 10000
10:25:29 PM [express] [Startup] Server ready in 393ms
‚úÖ Found 459 translations
10:25:31 PM [express] [Startup] Translations seeded successfully
[NotificationScheduler] Starting notification scheduler (checking every minute)
10:25:31 PM [express] [Startup] Notification scheduler started (deferred)
‚úÖ Translation seeding complete!
   - Created: 0 translations
   - Updated: 756 translations
   - Total keys: 378
==> Running 'npm start'
> rest-express@1.0.0 start
> NODE_ENV=production node dist/index.js
[Config] All required environment variables are set
[Config] Environment: production
[Config] Port: 10000
[Config] Rate limiting: enabled
[Config] Session secure cookies: true
[Config] Sentry monitoring: disabled
[Config] Regional defaults: HK (+852), Language: zh-HK
‚ö†Ô∏è FIREBASE_SERVICE_ACCOUNT_JSON not set - push notifications will be simulated
üå± Seeding translations...
Sentry DSN not provided - error tracking disabled
10:35:00 PM [express] serving on port 10000
10:35:00 PM [express] [Startup] Server ready in 201ms
‚úÖ Found 459 translations
10:35:02 PM [express] [Startup] Translations seeded successfully
[NotificationScheduler] Starting notification scheduler (checking every minute)
10:35:02 PM [express] [Startup] Notification scheduler started (deferred)
‚úÖ Translation seeding complete!
   - Created: 0 translations
   - Updated: 756 translations
   - Total keys: 378
==> Running 'npm start'
> rest-express@1.0.0 start
> NODE_ENV=production node dist/index.js
[Config] All required environment variables are set
[Config] Environment: production
[Config] Port: 10000
[Config] Rate limiting: enabled
[Config] Session secure cookies: true
[Config] Sentry monitoring: disabled
[Config] Regional defaults: HK (+852), Language: zh-HK
‚ö†Ô∏è FIREBASE_SERVICE_ACCOUNT_JSON not set - push notifications will be simulated
üå± Seeding translations...
Sentry DSN not provided - error tracking disabled
10:44:46 PM [express] serving on port 10000
10:44:46 PM [express] [Startup] Server ready in 133ms
‚úÖ Found 459 translations
10:44:48 PM [express] [Startup] Translations seeded successfully
[NotificationScheduler] Starting notification scheduler (checking every minute)
10:44:48 PM [express] [Startup] Notification scheduler started (deferred)
‚úÖ Translation seeding complete!
   - Created: 0 translations
   - Updated: 756 translations
   - Total keys: 378
==> Running 'npm start'
> rest-express@1.0.0 start
> NODE_ENV=production node dist/index.js
[Config] All required environment variables are set
[Config] Environment: production
[Config] Port: 10000
[Config] Rate limiting: enabled
[Config] Session secure cookies: true
[Config] Sentry monitoring: disabled
[Config] Regional defaults: HK (+852), Language: zh-HK
‚ö†Ô∏è FIREBASE_SERVICE_ACCOUNT_JSON not set - push notifications will be simulated
üå± Seeding translations...
Sentry DSN not provided - error tracking disabled
10:54:35 PM [express] serving on port 10000
10:54:35 PM [express] [Startup] Server ready in 207ms
[NotificationScheduler] Starting notification scheduler (checking every minute)
10:54:37 PM [express] [Startup] Notification scheduler started (deferred)
‚úÖ Found 459 translations
10:54:37 PM [express] [Startup] Translations seeded successfully
‚úÖ Translation seeding complete!
   - Created: 0 translations
   - Updated: 756 translations
   - Total keys: 378
==> Running 'npm start'
> rest-express@1.0.0 start
> NODE_ENV=production node dist/index.js
[Config] All required environment variables are set
[Config] Environment: production
[Config] Port: 10000
[Config] Rate limiting: enabled
[Config] Session secure cookies: true
[Config] Sentry monitoring: disabled
[Config] Regional defaults: HK (+852), Language: zh-HK
‚ö†Ô∏è FIREBASE_SERVICE_ACCOUNT_JSON not set - push notifications will be simulated
üå± Seeding translations...
Sentry DSN not provided - error tracking disabled
11:04:14 PM [express] serving on port 10000
11:04:14 PM [express] [Startup] Server ready in 180ms
‚úÖ Found 459 translations
11:04:16 PM [express] [Startup] Translations seeded successfully
[NotificationScheduler] Starting notification scheduler (checking every minute)
11:04:16 PM [express] [Startup] Notification scheduler started (deferred)
‚úÖ Translation seeding complete!
   - Created: 0 translations
   - Updated: 756 translations
   - Total keys: 378
==> Running 'npm start'
> rest-express@1.0.0 start
> NODE_ENV=production node dist/index.js
[Config] All required environment variables are set
[Config] Environment: production
[Config] Port: 10000
[Config] Rate limiting: enabled
[Config] Session secure cookies: true
[Config] Sentry monitoring: disabled
[Config] Regional defaults: HK (+852), Language: zh-HK
‚ö†Ô∏è FIREBASE_SERVICE_ACCOUNT_JSON not set - push notifications will be simulated
üå± Seeding translations...
Sentry DSN not provided - error tracking disabled
11:13:47 PM [express] serving on port 10000
11:13:47 PM [express] [Startup] Server ready in 212ms
‚úÖ Found 459 translations
11:13:49 PM [express] [Startup] Translations seeded successfully
[NotificationScheduler] Starting notification scheduler (checking every minute)
11:13:49 PM [express] [Startup] Notification scheduler started (deferred)
‚úÖ Translation seeding complete!
   - Created: 0 translations
   - Updated: 756 translations
   - Total keys: 378
==> Running 'npm start'
> rest-express@1.0.0 start
> NODE_ENV=production node dist/index.js
[Config] All required environment variables are set
[Config] Environment: production
[Config] Port: 10000
[Config] Rate limiting: enabled
[Config] Session secure cookies: true
[Config] Sentry monitoring: disabled
[Config] Regional defaults: HK (+852), Language: zh-HK
‚ö†Ô∏è FIREBASE_SERVICE_ACCOUNT_JSON not set - push notifications will be simulated
üå± Seeding translations...
Sentry DSN not provided - error tracking disabled
11:23:16 PM [express] serving on port 10000
11:23:16 PM [express] [Startup] Server ready in 204ms
[NotificationScheduler] Starting notification scheduler (checking every minute)
11:23:18 PM [express] [Startup] Notification scheduler started (deferred)
‚úÖ Found 459 translations
11:23:18 PM [express] [Startup] Translations seeded successfully
‚úÖ Translation seeding complete!
   - Created: 0 translations
   - Updated: 756 translations
   - Total keys: 378
==> Running 'npm start'
> rest-express@1.0.0 start
> NODE_ENV=production node dist/index.js
[Config] All required environment variables are set
[Config] Environment: production
[Config] Port: 10000
[Config] Rate limiting: enabled
[Config] Session secure cookies: true
[Config] Sentry monitoring: disabled
[Config] Regional defaults: HK (+852), Language: zh-HK
‚ö†Ô∏è FIREBASE_SERVICE_ACCOUNT_JSON not set - push notifications will be simulated
üå± Seeding translations...
Sentry DSN not provided - error tracking disabled
11:32:40 PM [express] serving on port 10000
11:32:40 PM [express] [Startup] Server ready in 205ms
‚úÖ Found 459 translations
11:32:41 PM [express] [Startup] Translations seeded successfully
[NotificationScheduler] Starting notification scheduler (checking every minute)
11:32:42 PM [express] [Startup] Notification scheduler started (deferred)
‚úÖ Translation seeding complete!
   - Created: 0 translations
   - Updated: 756 translations
   - Total keys: 378
==> Running 'npm start'
> rest-express@1.0.0 start
> NODE_ENV=production node dist/index.js
[Config] All required environment variables are set
[Config] Environment: production
[Config] Port: 10000
[Config] Rate limiting: enabled
[Config] Session secure cookies: true
[Config] Sentry monitoring: disabled
[Config] Regional defaults: HK (+852), Language: zh-HK
‚ö†Ô∏è FIREBASE_SERVICE_ACCOUNT_JSON not set - push notifications will be simulated
üå± Seeding translations...
Sentry DSN not provided - error tracking disabled
11:42:19 PM [express] serving on port 10000
11:42:19 PM [express] [Startup] Server ready in 189ms
‚úÖ Found 459 translations
11:42:21 PM [express] [Startup] Translations seeded successfully
[NotificationScheduler] Starting notification scheduler (checking every minute)
11:42:21 PM [express] [Startup] Notification scheduler started (deferred)
‚úÖ Translation seeding complete!
   - Created: 0 translations
   - Updated: 756 translations
   - Total keys: 378
==> Running 'npm start'
> rest-express@1.0.0 start
> NODE_ENV=production node dist/index.js
[Config] All required environment variables are set
[Config] Environment: production
[Config] Port: 10000
[Config] Rate limiting: enabled
[Config] Session secure cookies: true
[Config] Sentry monitoring: disabled
[Config] Regional defaults: HK (+852), Language: zh-HK
‚ö†Ô∏è FIREBASE_SERVICE_ACCOUNT_JSON not set - push notifications will be simulated
üå± Seeding translations...
Sentry DSN not provided - error tracking disabled
11:51:54 PM [express] serving on port 10000
11:51:54 PM [express] [Startup] Server ready in 201ms
‚úÖ Found 459 translations
11:51:55 PM [express] [Startup] Translations seeded successfully
[NotificationScheduler] Starting notification scheduler (checking every minute)
11:51:56 PM [express] [Startup] Notification scheduler started (deferred)
‚úÖ Translation seeding complete!
   - Created: 0 translations
   - Updated: 756 translations
   - Total keys: 378
==> Running 'npm start'
> rest-express@1.0.0 start
> NODE_ENV=production node dist/index.js
[Config] All required environment variables are set
[Config] Environment: production
[Config] Port: 10000
[Config] Rate limiting: enabled
[Config] Session secure cookies: true
[Config] Sentry monitoring: disabled
[Config] Regional defaults: HK (+852), Language: zh-HK
‚ö†Ô∏è FIREBASE_SERVICE_ACCOUNT_JSON not set - push notifications will be simulated
üå± Seeding translations...
Sentry DSN not provided - error tracking disabled
12:01:25 AM [express] serving on port 10000
12:01:25 AM [express] [Startup] Server ready in 491ms
‚úÖ Found 459 translations
12:01:27 AM [express] [Startup] Translations seeded successfully
[NotificationScheduler] Starting notification scheduler (checking every minute)
12:01:27 AM [express] [Startup] Notification scheduler started (deferred)
‚úÖ Translation seeding complete!
   - Created: 0 translations
   - Updated: 756 translations
   - Total keys: 378
==> Running 'npm start'
> rest-express@1.0.0 start
> NODE_ENV=production node dist/index.js
[Config] All required environment variables are set
[Config] Environment: production
[Config] Port: 10000
[Config] Rate limiting: enabled
[Config] Session secure cookies: true
[Config] Sentry monitoring: disabled
[Config] Regional defaults: HK (+852), Language: zh-HK
‚ö†Ô∏è FIREBASE_SERVICE_ACCOUNT_JSON not set - push notifications will be simulated
üå± Seeding translations...
Sentry DSN not provided - error tracking disabled
12:11:14 AM [express] serving on port 10000
12:11:14 AM [express] [Startup] Server ready in 195ms
‚úÖ Found 459 translations
12:11:16 AM [express] [Startup] Translations seeded successfully
[NotificationScheduler] Starting notification scheduler (checking every minute)
12:11:16 AM [express] [Startup] Notification scheduler started (deferred)
‚úÖ Translation seeding complete!
   - Created: 0 translations
   - Updated: 756 translations
   - Total keys: 378
==> Running 'npm start'
> rest-express@1.0.0 start
> NODE_ENV=production node dist/index.js
[Config] All required environment variables are set
[Config] Environment: production
[Config] Port: 10000
[Config] Rate limiting: enabled
[Config] Session secure cookies: true
[Config] Sentry monitoring: disabled
[Config] Regional defaults: HK (+852), Language: zh-HK
‚ö†Ô∏è FIREBASE_SERVICE_ACCOUNT_JSON not set - push notifications will be simulated
üå± Seeding translations...
Sentry DSN not provided - error tracking disabled
12:20:56 AM [express] serving on port 10000
12:20:56 AM [express] [Startup] Server ready in 228ms
‚úÖ Found 459 translations
12:20:57 AM [express] [Startup] Translations seeded successfully
[NotificationScheduler] Starting notification scheduler (checking every minute)
12:20:58 AM [express] [Startup] Notification scheduler started (deferred)
‚úÖ Translation seeding complete!
   - Created: 0 translations
   - Updated: 756 translations
   - Total keys: 378
==> Running 'npm start'
> rest-express@1.0.0 start
> NODE_ENV=production node dist/index.js
[Config] All required environment variables are set
[Config] Environment: production
[Config] Port: 10000
[Config] Rate limiting: enabled
[Config] Session secure cookies: true
[Config] Sentry monitoring: disabled
[Config] Regional defaults: HK (+852), Language: zh-HK
‚ö†Ô∏è FIREBASE_SERVICE_ACCOUNT_JSON not set - push notifications will be simulated
üå± Seeding translations...
Sentry DSN not provided - error tracking disabled
12:30:19 AM [express] serving on port 10000
12:30:19 AM [express] [Startup] Server ready in 211ms
‚úÖ Found 459 translations
12:30:21 AM [express] [Startup] Translations seeded successfully
[NotificationScheduler] Starting notification scheduler (checking every minute)
12:30:21 AM [express] [Startup] Notification scheduler started (deferred)
‚úÖ Translation seeding complete!
   - Created: 0 translations
   - Updated: 756 translations
   - Total keys: 378
==> Running 'npm start'
> rest-express@1.0.0 start
> NODE_ENV=production node dist/index.js
[Config] All required environment variables are set
[Config] Environment: production
[Config] Port: 10000
[Config] Rate limiting: enabled
[Config] Session secure cookies: true
[Config] Sentry monitoring: disabled
[Config] Regional defaults: HK (+852), Language: zh-HK
‚ö†Ô∏è FIREBASE_SERVICE_ACCOUNT_JSON not set - push notifications will be simulated
üå± Seeding translations...
Sentry DSN not provided - error tracking disabled
12:39:47 AM [express] serving on port 10000
12:39:47 AM [express] [Startup] Server ready in 186ms
‚úÖ Found 459 translations
12:39:49 AM [express] [Startup] Translations seeded successfully
[NotificationScheduler] Starting notification scheduler (checking every minute)
12:39:49 AM [express] [Startup] Notification scheduler started (deferred)
‚úÖ Translation seeding complete!
   - Created: 0 translations
   - Updated: 756 translations
   - Total keys: 378
==> Running 'npm start'
> rest-express@1.0.0 start
> NODE_ENV=production node dist/index.js
[Config] All required environment variables are set
[Config] Environment: production
[Config] Port: 10000
[Config] Rate limiting: enabled
[Config] Session secure cookies: true
[Config] Sentry monitoring: disabled
[Config] Regional defaults: HK (+852), Language: zh-HK
‚ö†Ô∏è FIREBASE_SERVICE_ACCOUNT_JSON not set - push notifications will be simulated
üå± Seeding translations...
Sentry DSN not provided - error tracking disabled
12:49:17 AM [express] serving on port 10000
12:49:17 AM [express] [Startup] Server ready in 205ms
‚úÖ Found 459 translations
12:49:18 AM [express] [Startup] Translations seeded successfully
[NotificationScheduler] Starting notification scheduler (checking every minute)
12:49:19 AM [express] [Startup] Notification scheduler started (deferred)
‚úÖ Translation seeding complete!
   - Created: 0 translations
   - Updated: 756 translations
   - Total keys: 378
==> Running 'npm start'
> rest-express@1.0.0 start
> NODE_ENV=production node dist/index.js
[Config] All required environment variables are set
[Config] Environment: production
[Config] Port: 10000
[Config] Rate limiting: enabled
[Config] Session secure cookies: true
[Config] Sentry monitoring: disabled
[Config] Regional defaults: HK (+852), Language: zh-HK
‚ö†Ô∏è FIREBASE_SERVICE_ACCOUNT_JSON not set - push notifications will be simulated
üå± Seeding translations...
Sentry DSN not provided - error tracking disabled
12:58:50 AM [express] serving on port 10000
12:58:50 AM [express] [Startup] Server ready in 201ms
‚úÖ Found 459 translations
12:58:51 AM [express] [Startup] Translations seeded successfully
[NotificationScheduler] Starting notification scheduler (checking every minute)
12:58:52 AM [express] [Startup] Notification scheduler started (deferred)
‚úÖ Translation seeding complete!
   - Created: 0 translations
   - Updated: 756 translations
   - Total keys: 378
==> Running 'npm start'
> rest-express@1.0.0 start
> NODE_ENV=production node dist/index.js
[Config] All required environment variables are set
[Config] Environment: production
[Config] Port: 10000
[Config] Rate limiting: enabled
[Config] Session secure cookies: true
[Config] Sentry monitoring: disabled
[Config] Regional defaults: HK (+852), Language: zh-HK
‚ö†Ô∏è FIREBASE_SERVICE_ACCOUNT_JSON not set - push notifications will be simulated
üå± Seeding translations...
Sentry DSN not provided - error tracking disabled
1:08:30 AM [express] serving on port 10000
1:08:30 AM [express] [Startup] Server ready in 187ms
‚úÖ Found 459 translations
1:08:31 AM [express] [Startup] Translations seeded successfully
[NotificationScheduler] Starting notification scheduler (checking every minute)
1:08:32 AM [express] [Startup] Notification scheduler started (deferred)
‚úÖ Translation seeding complete!
   - Created: 0 translations
   - Updated: 756 translations
   - Total keys: 378
==> Running 'npm start'
> rest-express@1.0.0 start
> NODE_ENV=production node dist/index.js
[Config] All required environment variables are set
[Config] Environment: production
[Config] Port: 10000
[Config] Rate limiting: enabled
[Config] Session secure cookies: true
[Config] Sentry monitoring: disabled
[Config] Regional defaults: HK (+852), Language: zh-HK
‚ö†Ô∏è FIREBASE_SERVICE_ACCOUNT_JSON not set - push notifications will be simulated
üå± Seeding translations...
Sentry DSN not provided - error tracking disabled
1:17:50 AM [express] serving on port 10000
1:17:50 AM [express] [Startup] Server ready in 143ms
‚úÖ Found 459 translations
1:17:52 AM [express] [Startup] Translations seeded successfully
[NotificationScheduler] Starting notification scheduler (checking every minute)
1:17:52 AM [express] [Startup] Notification scheduler started (deferred)
‚úÖ Translation seeding complete!
   - Created: 0 translations
   - Updated: 756 translations
   - Total keys: 378
==> Running 'npm start'
> rest-express@1.0.0 start
> NODE_ENV=production node dist/index.js
[Config] All required environment variables are set
[Config] Environment: production
[Config] Port: 10000
[Config] Rate limiting: enabled
[Config] Session secure cookies: true
[Config] Sentry monitoring: disabled
[Config] Regional defaults: HK (+852), Language: zh-HK
‚ö†Ô∏è FIREBASE_SERVICE_ACCOUNT_JSON not set - push notifications will be simulated
üå± Seeding translations...
Sentry DSN not provided - error tracking disabled
1:27:20 AM [express] serving on port 10000
1:27:20 AM [express] [Startup] Server ready in 483ms
‚úÖ Found 459 translations
1:27:22 AM [express] [Startup] Translations seeded successfully
[NotificationScheduler] Starting notification scheduler (checking every minute)
1:27:22 AM [express] [Startup] Notification scheduler started (deferred)
‚úÖ Translation seeding complete!
   - Created: 0 translations
   - Updated: 756 translations
   - Total keys: 378
==> Running 'npm start'
> rest-express@1.0.0 start
> NODE_ENV=production node dist/index.js
[Config] All required environment variables are set
[Config] Environment: production
[Config] Port: 10000
[Config] Rate limiting: enabled
[Config] Session secure cookies: true
[Config] Sentry monitoring: disabled
[Config] Regional defaults: HK (+852), Language: zh-HK
‚ö†Ô∏è FIREBASE_SERVICE_ACCOUNT_JSON not set - push notifications will be simulated
üå± Seeding translations...
Sentry DSN not provided - error tracking disabled
1:37:02 AM [express] serving on port 10000
1:37:02 AM [express] [Startup] Server ready in 191ms
‚úÖ Found 459 translations
1:37:04 AM [express] [Startup] Translations seeded successfully
[NotificationScheduler] Starting notification scheduler (checking every minute)
1:37:04 AM [express] [Startup] Notification scheduler started (deferred)
‚úÖ Translation seeding complete!
   - Created: 0 translations
   - Updated: 756 translations
   - Total keys: 378
==> Running 'npm start'
> rest-express@1.0.0 start
> NODE_ENV=production node dist/index.js
[Config] All required environment variables are set
[Config] Environment: production
[Config] Port: 10000
[Config] Rate limiting: enabled
[Config] Session secure cookies: true
[Config] Sentry monitoring: disabled
[Config] Regional defaults: HK (+852), Language: zh-HK
‚ö†Ô∏è FIREBASE_SERVICE_ACCOUNT_JSON not set - push notifications will be simulated
üå± Seeding translations...
Sentry DSN not provided - error tracking disabled
1:46:37 AM [express] serving on port 10000
1:46:37 AM [express] [Startup] Server ready in 263ms
‚úÖ Found 459 translations
1:46:38 AM [express] [Startup] Translations seeded successfully
[NotificationScheduler] Starting notification scheduler (checking every minute)
1:46:39 AM [express] [Startup] Notification scheduler started (deferred)
1:48:21 AM [express] GET /api/.env 200 in 4ms
‚úÖ Translation seeding complete!
   - Created: 0 translations
   - Updated: 756 translations
   - Total keys: 378
==> Running 'npm start'
> rest-express@1.0.0 start
> NODE_ENV=production node dist/index.js
[Config] All required environment variables are set
[Config] Environment: production
[Config] Port: 10000
[Config] Rate limiting: enabled
[Config] Session secure cookies: true
[Config] Sentry monitoring: disabled
[Config] Regional defaults: HK (+852), Language: zh-HK
‚ö†Ô∏è FIREBASE_SERVICE_ACCOUNT_JSON not set - push notifications will be simulated
üå± Seeding translations...
Sentry DSN not provided - error tracking disabled
1:56:06 AM [express] serving on port 10000
1:56:06 AM [express] [Startup] Server ready in 194ms
‚úÖ Found 459 translations
1:56:08 AM [express] [Startup] Translations seeded successfully
[NotificationScheduler] Starting notification scheduler (checking every minute)
1:56:08 AM [express] [Startup] Notification scheduler started (deferred)
‚úÖ Translation seeding complete!
   - Created: 0 translations
   - Updated: 756 translations
   - Total keys: 378